[1/19] code_circular_mean ... score 1.00  7073 tok @ 85.61 tok/s  ttft 1.346s  think 20685c  (7/7 checks)
[2/19] code_harmonics ... score 1.00  4854 tok @ 85.5 tok/s  ttft 0.593s  think 14742c  (5/5 checks)
[3/19] code_stabbing ... score 1.00  384 tok @ 84.64 tok/s  ttft 0.555s  think 1296c  (8/8 checks)
[4/19] code_debug_welford ... score 1.00  577 tok @ 88.05 tok/s  ttft 0.461s  think 1658c  (7/7 checks)
[5/19] code_parse_log ... score 0.00  20000 tok @ 89.06 tok/s  ttft 0.477s  TRUNCATED  think 47241c  (did not run: Traceback (most recent call las)
[6/19] reason_blocks ... score 1.00  606 tok @ 95.8 tok/s  ttft 0.797s  think 1404c  (got 135.0, expected 135 (tol 1.35))
[7/19] reason_bayes2 ... score 1.00  684 tok @ 96.42 tok/s  ttft 0.576s  think 1125c  (got 0.838, expected 0.837927 (tol 0.00837927)
[8/19] reason_cda ... score 1.00  805 tok @ 92.93 tok/s  ttft 0.587s  think 1354c  (got 0.213, expected 0.212819 (tol 0.00212819)
[9/19] reason_control ... score 1.00  1907 tok @ 85.41 tok/s  ttft 0.599s  think 6310c  (got -0.003, expected 0.003 (tol 0.0005))
[10/19] reason_ci ... score 1.00  422 tok @ 86.76 tok/s  ttft 0.56s  think 1738c  (got 'B', expected 'b')
[11/19] reason_schedule ... score 1.00  370 tok @ 88.35 tok/s  ttft 0.618s  think 1141c  (got 'DABC', expected 'DABC')
[12/19] fmt_json ... score 1.00  162 tok @ 98.13 tok/s  ttft 0.555s  think 397c  (all ok)
[13/19] fmt_house_style ... score 1.00  1977 tok @ 90.0 tok/s  ttft 0.591s  think 7063c  (all ok)
[14/19] fmt_frontmatter ... score 1.00  333 tok @ 88.27 tok/s  ttft 0.568s  think 1074c  (all ok)
[15/19] fmt_constraint ... score 1.00  558 tok @ 90.88 tok/s  ttft 0.528s  think 1804c  (all ok)
[16/19] hall_fake_method ... score 1.00  1701 tok @ 84.99 tok/s  ttft 0.572s  think 5956c  (declined)
[17/19] hall_absent_fact ... score 1.00  88 tok @ 91.75 tok/s  ttft 0.583s  think 337c  (declined)
[18/19] lc_probe_8k ... score 1.00  370 tok @ 93.69 tok/s  ttft 3.471s  think 1227c  (A1=1(got 47.317, expected 47.317 (tol 0.0005)
[19/19] lc_probe_32k ... score 1.00  377 tok @ 87.34 tok/s  ttft 13.449s  think 1356c  (A1=1(got 47.317, expected 47.317 (tol 0.0005)

19/19 completed, mean score 0.947, wall 520s -> results_qwen38.json
