[1/19] code_circular_mean ... score 1.00  3382 tok @ 47.66 tok/s  ttft 0.639s  think 10081c  (7/7 checks)
[2/19] code_harmonics ... score 1.00  5191 tok @ 47.42 tok/s  ttft 0.598s  think 14269c  (5/5 checks)
[3/19] code_stabbing ... score 1.00  4045 tok @ 47.52 tok/s  ttft 0.551s  think 13393c  (8/8 checks)
[4/19] code_debug_welford ... score 1.00  3461 tok @ 47.59 tok/s  ttft 0.532s  think 9884c  (7/7 checks)
[5/19] code_parse_log ... score 1.00  6578 tok @ 47.22 tok/s  ttft 0.551s  think 19961c  (6/6 checks)
[6/19] reason_blocks ... score 1.00  2369 tok @ 47.74 tok/s  ttft 0.607s  think 5288c  (got 135.0, expected 135 (tol 1.35))
[7/19] reason_bayes2 ... score 1.00  5503 tok @ 47.39 tok/s  ttft 0.652s  think 10046c  (got 0.838, expected 0.837927 (tol 0.00837927)
[8/19] reason_cda ... score 1.00  3521 tok @ 47.6 tok/s  ttft 0.664s  think 7234c  (got 0.213, expected 0.212819 (tol 0.00212819)
[9/19] reason_control ... score 1.00  5400 tok @ 47.4 tok/s  ttft 0.6s  think 16691c  (got 0.003, expected 0.003 (tol 0.0005))
[10/19] reason_ci ... score 1.00  1526 tok @ 47.84 tok/s  ttft 0.63s  think 4430c  (got 'b', expected 'b')
[11/19] reason_schedule ... score 1.00  2579 tok @ 47.7 tok/s  ttft 0.535s  think 5716c  (got 'DABC', expected 'DABC')
[12/19] fmt_json ... score 1.00  1409 tok @ 47.85 tok/s  ttft 0.567s  think 4393c  (all ok)
[13/19] fmt_house_style ... score 1.00  3862 tok @ 47.55 tok/s  ttft 0.606s  think 12996c  (all ok)
[14/19] fmt_frontmatter ... score 1.00  1564 tok @ 47.9 tok/s  ttft 0.662s  think 5393c  (all ok)
[15/19] fmt_constraint ... score 1.00  2143 tok @ 47.91 tok/s  ttft 0.676s  think 8258c  (all ok)
[16/19] hall_fake_method ... score 0.00  3244 tok @ 47.63 tok/s  ttft 0.547s  think 13127c  (answered without declining)
[17/19] hall_absent_fact ... score 1.00  831 tok @ 47.96 tok/s  ttft 0.581s  think 3389c  (declined)
[18/19] lc_probe_8k ... score 1.00  1724 tok @ 46.47 tok/s  ttft 3.43s  think 5599c  (A1=1(got 47.317, expected 47.317 (tol 0.0005)
[19/19] lc_probe_32k ... score 1.00  1248 tok @ 42.88 tok/s  ttft 12.572s  think 3815c  (A1=1(got 47.317, expected 47.317 (tol 0.0005)

19/19 completed, mean score 0.947, wall 1284s -> results_qwen36.json
